[www.joy-bakery.cz/index.html]
[www.joy-bakery.cz/css/admin.css]
[www.joy-bakery.cz/css/default.css]
[www.joy-bakery.cz/css/style.css]
[use.typekit.net/yxl2vvh.css]
[www.joy-bakery.cz/js/jquery-3.6.0.min.js]
[www.joy-bakery.cz/plugins/bootstrap/js/bootstrap.js]
[www.joy-bakery.cz/plugins/font-awesome/css/font-awesome.min.css]
[www.joy-bakery.cz/js/myScripts.js]
[www.joy-bakery.cz/js/modals.js]
[www.joy-bakery.cz/js/module_scripts.js]
[backblue.gif]
[fade.gif]
[index.html]
[www.joy-bakery.cz/js/table_sort.js]
[www.joy-bakery.cz/images/uploads/image56f2.png]
[www.joy-bakery.cz/products/categories_products.html]
[www.joy-bakery.cz/info/blog.html]
[www.joy-bakery.cz/info/delivery.html]
[www.joy-bakery.cz/info/career.html]
[www.joy-bakery.cz/info/contact.html]
[www.joy-bakery.cz/info/find_us.html]
[www.joy-bakery.cz/images/uploads/imageee58.png]
[www.joy-bakery.cz/info/our_story.html]
[www.joy-bakery.cz/images/uploads/image372b.png]
[www.joy-bakery.cz/images/uploads/imagea745.png]
[www.joy-bakery.cz/images/uploads/image2762.png]
[www.joy-bakery.cz/images/uploads/image872b.png]
[www.joy-bakery.cz/images/uploads/image49af.gif]
[www.joy-bakery.cz/images/uploads/imageade7.png]
[www.joy-bakery.cz/images/uploads/image0fff.png]
[www.joy-bakery.cz/images/uploads/image3029.png]
[www.joy-bakery.cz/images/uploads/imagee5fc.png]
[www.joy-bakery.cz/images/uploads/image269c.png]
[www.joy-bakery.cz/index.html]
[www.joy-bakery.cz/css/admin.css]
[www.joy-bakery.cz/css/default.css]
[www.joy-bakery.cz/css/fonts/Montserrat/Montserrat-VariableFont_wght.ttf]
[www.joy-bakery.cz/images/uploads/image87d9.png]
[www.joy-bakery.cz/images/uploads/image136c.png]
[www.joy-bakery.cz/css/style.css]
[use.typekit.net/af/c93b0b/00000000000000007735cbea/30/le196]
[use.typekit.net/af/c93b0b/00000000000000007735cbea/30/de196]
[use.typekit.net/yxl2vvh.css]
[use.typekit.net/af/c93b0b/00000000000000007735cbea/30/ae196]
[www.joy-bakery.cz/plugins/font-awesome/fonts/fontawesome-webfont3295.eot]
[www.joy-bakery.cz/plugins/font-awesome/fonts/fontawesome-webfontd41d.eot]
[www.joy-bakery.cz/plugins/font-awesome/fonts/fontawesome-webfont3295.woff2]
[www.joy-bakery.cz/plugins/font-awesome/fonts/fontawesome-webfont3295.woff]
[www.joy-bakery.cz/plugins/font-awesome/fonts/fontawesome-webfont3295.ttf]
[www.joy-bakery.cz/plugins/font-awesome/css/font-awesome.min.css]
[www.joy-bakery.cz/images/uploads/image9419.svg]
[www.joy-bakery.cz/images/uploads/image3de4.svg]
[www.joy-bakery.cz/products/Baguette.html]
[www.joy-bakery.cz/images/uploads/imagea000.jpg]
[www.joy-bakery.cz/products/Joy_Bread.html]
[www.joy-bakery.cz/images/uploads/image9e2b.jpg]
[www.joy-bakery.cz/products/Retro_Bread.html]
[www.joy-bakery.cz/images/uploads/image4220.jpg]
[www.joy-bakery.cz/products/Cherry_bun.html]
[www.joy-bakery.cz/images/uploads/imagec17c.jpg]
[www.joy-bakery.cz/products/Chocolate_croissant.html]
[www.joy-bakery.cz/images/uploads/imagecbe9.jpg]
[www.joy-bakery.cz/products/Cinnamon_bun.html]
[www.joy-bakery.cz/images/uploads/image61fd.jpg]
[www.joy-bakery.cz/products/Croissant.html]
[www.joy-bakery.cz/images/uploads/imageda4a.jpg]
[www.joy-bakery.cz/products/categories_products.html]
[www.joy-bakery.cz/info/blog.html]
[www.joy-bakery.cz/info/delivery.html]
[www.joy-bakery.cz/images/uploads/imageb492.png]
[www.joy-bakery.cz/info/career.html]
[www.joy-bakery.cz/info/contact.html]
[www.joy-bakery.cz/info/find_us.html]
[www.joy-bakery.cz/images/uploads/imagef785.svg]
[www.joy-bakery.cz/images/uploads/image5b91.svg]
[www.joy-bakery.cz/info/our_story.html]
[www.joy-bakery.cz/images/uploads/image214a.svg]
[www.joy-bakery.cz/images/uploads/image59f0.svg]
[www.joy-bakery.cz/images/uploads/image469b.svg]
[p.typekit.net/p9029.css]
[www.joy-bakery.cz/plugins/font-awesome/fonts/fontawesome-webfont3295.svg]
[www.joy-bakery.cz/default.html]
[www.joy-bakery.cz/products/Baguette.html]
[www.joy-bakery.cz/products/Joy_Bread.html]
[www.joy-bakery.cz/products/Retro_Bread.html]
[www.joy-bakery.cz/products/Cherry_bun.html]
[www.joy-bakery.cz/products/Chocolate_croissant.html]
[www.joy-bakery.cz/products/Cinnamon_bun.html]
[www.joy-bakery.cz/products/Croissant.html]
[www.joy-bakery.cz/images/uploads/imaged4f6.svg]
[www.joy-bakery.cz/images/uploads/imagee8c4.svg]
[www.joy-bakery.cz/images/uploads/imagefe2e.svg]
[www.joy-bakery.cz/default.html]
